cp-train: gens=120 pop=64 elite=8 games=64 seed=1 cap=200 arch=[63, 24, 16, 1] (1953 params) out=checkpoints
gen   0/120  best=+0.7106 mean=+0.1569 med=+0.1576 std=0.2523 tf=0.203 nov=0.000 sigma=0.1800 wT=0.600 gLen=197.8 bankrupt=0.01 div=21.938 247.5 g/s
gen   1/120  best=+0.4798 mean=+0.1908 med=+0.2456 std=0.1908 tf=0.177 nov=0.000 sigma=0.1782 wT=0.592 gLen=186.8 bankrupt=0.02 div=21.782 216.8 g/s
gen   2/120  best=+0.5530 mean=+0.2436 med=+0.2881 std=0.1763 tf=0.194 nov=0.000 sigma=0.1764 wT=0.583 gLen=181.8 bankrupt=0.02 div=20.869 195.0 g/s
gen   3/120  best=+0.5453 mean=+0.2278 med=+0.2905 std=0.2253 tf=0.141 nov=0.000 sigma=0.1746 wT=0.575 gLen=181.5 bankrupt=0.02 div=20.708 210.5 g/s
gen   4/120  best=+0.5626 mean=+0.2175 med=+0.2338 std=0.1885 tf=0.133 nov=0.000 sigma=0.1728 wT=0.567 gLen=180.0 bankrupt=0.02 div=13.581 234.3 g/s
gen   5/120  best=+0.6110 mean=+0.2352 med=+0.2403 std=0.1649 tf=0.174 nov=0.000 sigma=0.1710 wT=0.558 gLen=182.1 bankrupt=0.01 div=14.054 225.7 g/s
gen   6/120  best=+0.5241 mean=+0.2472 med=+0.2901 std=0.1775 tf=0.145 nov=0.000 sigma=0.1692 wT=0.550 gLen=174.7 bankrupt=0.01 div=13.800 243.9 g/s
gen   7/120  best=+0.5097 mean=+0.2235 med=+0.3010 std=0.2386 tf=0.141 nov=0.000 sigma=0.1674 wT=0.542 gLen=176.3 bankrupt=0.02 div=13.792 251.1 g/s
gen   8/120  best=+0.5085 mean=+0.2674 med=+0.3011 std=0.1697 tf=0.149 nov=0.000 sigma=0.1656 wT=0.533 gLen=169.8 bankrupt=0.02 div=13.016 231.9 g/s
gen   9/120  best=+0.5916 mean=+0.2758 med=+0.3169 std=0.1657 tf=0.167 nov=0.000 sigma=0.1638 wT=0.525 gLen=171.3 bankrupt=0.03 div=12.727 242.9 g/s
gen  10/120  best=+0.6861 mean=+0.2676 med=+0.2795 std=0.1657 tf=0.210 nov=0.000 sigma=0.1619 wT=0.517 gLen=165.8 bankrupt=0.05 div=12.130 218.6 g/s
gen  11/120  best=+0.5624 mean=+0.2637 med=+0.2725 std=0.1582 tf=0.184 nov=0.000 sigma=0.1601 wT=0.508 gLen=165.4 bankrupt=0.04 div=11.892 214.4 g/s
gen  12/120  best=+0.5345 mean=+0.2617 med=+0.2744 std=0.1216 tf=0.201 nov=0.000 sigma=0.1583 wT=0.500 gLen=163.8 bankrupt=0.05 div=11.333 205.0 g/s
gen  13/120  best=+0.5455 mean=+0.2741 med=+0.2931 std=0.1518 tf=0.201 nov=0.000 sigma=0.1565 wT=0.492 gLen=163.3 bankrupt=0.05 div=11.834 210.0 g/s
gen  14/120  best=+0.6155 mean=+0.2823 med=+0.2947 std=0.1563 tf=0.192 nov=0.000 sigma=0.1547 wT=0.483 gLen=157.2 bankrupt=0.06 div=13.585 190.9 g/s
gen  15/120  best=+0.5718 mean=+0.2806 med=+0.2726 std=0.1340 tf=0.182 nov=0.000 sigma=0.1529 wT=0.475 gLen=159.2 bankrupt=0.05 div=13.735 200.4 g/s
gen  16/120  best=+0.7035 mean=+0.3033 med=+0.3250 std=0.2222 tf=0.203 nov=0.000 sigma=0.1511 wT=0.467 gLen=146.5 bankrupt=0.08 div=14.121 182.2 g/s
gen  17/120  best=+0.6322 mean=+0.3518 med=+0.3541 std=0.1322 tf=0.211 nov=0.000 sigma=0.1493 wT=0.458 gLen=143.2 bankrupt=0.08 div=14.601 179.7 g/s
gen  18/120  best=+0.6779 mean=+0.2896 med=+0.2930 std=0.1976 tf=0.235 nov=0.000 sigma=0.1475 wT=0.450 gLen=143.0 bankrupt=0.08 div=13.562 170.1 g/s
gen  19/120  best=+0.6642 mean=+0.3220 med=+0.3554 std=0.1907 tf=0.216 nov=0.000 sigma=0.1457 wT=0.442 gLen=144.5 bankrupt=0.08 div=13.842 185.5 g/s
gen  20/120  best=+0.6647 mean=+0.3148 med=+0.3217 std=0.1349 tf=0.181 nov=0.000 sigma=0.1439 wT=0.433 gLen=150.3 bankrupt=0.06 div=14.959 209.7 g/s
gen  21/120  best=+0.5906 mean=+0.3032 med=+0.2990 std=0.1426 tf=0.234 nov=0.000 sigma=0.1421 wT=0.425 gLen=148.4 bankrupt=0.06 div=12.065 214.5 g/s
gen  22/120  best=+0.6979 mean=+0.2965 med=+0.3268 std=0.2186 tf=0.183 nov=0.000 sigma=0.1403 wT=0.417 gLen=146.9 bankrupt=0.06 div=11.307 218.6 g/s
gen  23/120  best=+0.5961 mean=+0.2924 med=+0.3201 std=0.1453 tf=0.160 nov=0.000 sigma=0.1385 wT=0.408 gLen=146.0 bankrupt=0.06 div=9.993 223.6 g/s
gen  24/120  best=+0.4799 mean=+0.2365 med=+0.2655 std=0.1596 tf=0.149 nov=0.000 sigma=0.1367 wT=0.400 gLen=161.9 bankrupt=0.03 div=9.710 227.5 g/s
gen  25/120  best=+0.6288 mean=+0.2458 med=+0.2544 std=0.1502 tf=0.242 nov=0.000 sigma=0.1349 wT=0.392 gLen=156.1 bankrupt=0.04 div=10.834 233.1 g/s
gen  26/120  best=+0.7120 mean=+0.2587 med=+0.2653 std=0.1390 tf=0.205 nov=0.000 sigma=0.1331 wT=0.383 gLen=154.7 bankrupt=0.04 div=12.050 223.8 g/s
gen  27/120  best=+0.5834 mean=+0.2647 med=+0.2893 std=0.1579 tf=0.184 nov=0.000 sigma=0.1312 wT=0.375 gLen=152.3 bankrupt=0.05 div=12.866 232.7 g/s
gen  28/120  best=+0.6994 mean=+0.2881 med=+0.3059 std=0.1911 tf=0.205 nov=0.000 sigma=0.1294 wT=0.367 gLen=145.7 bankrupt=0.06 div=12.334 228.3 g/s
gen  29/120  best=+0.5700 mean=+0.2948 med=+0.3071 std=0.1490 tf=0.172 nov=0.000 sigma=0.1276 wT=0.358 gLen=137.6 bankrupt=0.06 div=11.725 207.3 g/s
gen  30/120  best=+0.6297 mean=+0.2877 med=+0.2890 std=0.1641 tf=0.165 nov=0.000 sigma=0.1258 wT=0.350 gLen=142.2 bankrupt=0.06 div=8.992 215.2 g/s
gen  31/120  best=+0.6588 mean=+0.2903 med=+0.3107 std=0.1883 tf=0.197 nov=0.000 sigma=0.1240 wT=0.342 gLen=143.8 bankrupt=0.06 div=9.119 200.7 g/s
gen  32/120  best=+0.6668 mean=+0.2956 med=+0.3020 std=0.1305 tf=0.166 nov=0.000 sigma=0.1222 wT=0.333 gLen=145.8 bankrupt=0.05 div=10.021 203.7 g/s
gen  33/120  best=+0.5854 mean=+0.3004 med=+0.3328 std=0.1784 tf=0.226 nov=0.000 sigma=0.1204 wT=0.325 gLen=144.8 bankrupt=0.05 div=10.488 215.0 g/s
gen  34/120  best=+0.6088 mean=+0.3345 med=+0.3368 std=0.1417 tf=0.179 nov=0.000 sigma=0.1186 wT=0.317 gLen=141.1 bankrupt=0.06 div=10.441 205.0 g/s
gen  35/120  best=+0.5922 mean=+0.3470 med=+0.3483 std=0.1607 tf=0.196 nov=0.000 sigma=0.1168 wT=0.308 gLen=142.3 bankrupt=0.05 div=10.761 196.9 g/s
gen  36/120  best=+0.7775 mean=+0.3615 med=+0.4274 std=0.2353 tf=0.224 nov=0.000 sigma=0.1150 wT=0.300 gLen=131.2 bankrupt=0.08 div=11.407 185.6 g/s
gen  37/120  best=+0.8210 mean=+0.3396 med=+0.3696 std=0.2698 tf=0.233 nov=0.000 sigma=0.1132 wT=0.292 gLen=133.6 bankrupt=0.07 div=11.794 184.7 g/s
gen  38/120  best=+0.6682 mean=+0.3620 med=+0.3894 std=0.1660 tf=0.185 nov=0.000 sigma=0.1114 wT=0.283 gLen=128.4 bankrupt=0.08 div=12.624 182.7 g/s
gen  39/120  best=+0.6645 mean=+0.3364 med=+0.3333 std=0.1553 tf=0.220 nov=0.000 sigma=0.1096 wT=0.275 gLen=137.1 bankrupt=0.06 div=11.982 190.2 g/s
gen  40/120  best=+0.5975 mean=+0.2896 med=+0.2862 std=0.1287 tf=0.161 nov=0.000 sigma=0.1078 wT=0.267 gLen=147.2 bankrupt=0.05 div=7.764 189.7 g/s
gen  41/120  best=+0.6918 mean=+0.2799 med=+0.2887 std=0.1757 tf=0.269 nov=0.000 sigma=0.1060 wT=0.258 gLen=156.8 bankrupt=0.04 div=7.158 195.2 g/s
gen  42/120  best=+0.6003 mean=+0.2776 med=+0.2733 std=0.1729 tf=0.195 nov=0.000 sigma=0.1042 wT=0.250 gLen=151.0 bankrupt=0.06 div=7.977 196.2 g/s
gen  43/120  best=+0.7246 mean=+0.2881 med=+0.3041 std=0.1681 tf=0.225 nov=0.000 sigma=0.1024 wT=0.242 gLen=152.6 bankrupt=0.05 div=8.375 190.4 g/s
gen  44/120  best=+0.7014 mean=+0.2925 med=+0.2913 std=0.1784 tf=0.199 nov=0.000 sigma=0.1006 wT=0.233 gLen=141.5 bankrupt=0.07 div=7.917 173.6 g/s
gen  45/120  best=+0.6346 mean=+0.2926 med=+0.3001 std=0.1383 tf=0.240 nov=0.000 sigma=0.0987 wT=0.225 gLen=148.5 bankrupt=0.06 div=8.060 179.6 g/s
gen  46/120  best=+0.6806 mean=+0.3323 med=+0.3318 std=0.1979 tf=0.213 nov=0.000 sigma=0.0969 wT=0.217 gLen=141.0 bankrupt=0.07 div=7.389 180.2 g/s
gen  47/120  best=+0.7078 mean=+0.2915 med=+0.2719 std=0.1674 tf=0.222 nov=0.000 sigma=0.0951 wT=0.208 gLen=141.1 bankrupt=0.07 div=8.029 180.9 g/s
gen  48/120  best=+0.6942 mean=+0.3111 med=+0.3325 std=0.1840 tf=0.223 nov=0.000 sigma=0.0933 wT=0.200 gLen=133.3 bankrupt=0.09 div=8.060 172.2 g/s
gen  49/120  best=+0.6381 mean=+0.3136 med=+0.3177 std=0.1485 tf=0.256 nov=0.000 sigma=0.0915 wT=0.192 gLen=131.4 bankrupt=0.08 div=9.073 175.0 g/s
gen  50/120  best=+0.6946 mean=+0.3028 med=+0.3028 std=0.1910 tf=0.222 nov=0.000 sigma=0.0897 wT=0.183 gLen=138.9 bankrupt=0.08 div=9.124 185.0 g/s
gen  51/120  best=+0.6200 mean=+0.3191 med=+0.3184 std=0.1641 tf=0.260 nov=0.000 sigma=0.0879 wT=0.175 gLen=130.3 bankrupt=0.08 div=9.392 175.8 g/s
gen  52/120  best=+0.6920 mean=+0.3141 med=+0.3154 std=0.1784 tf=0.245 nov=0.000 sigma=0.0861 wT=0.167 gLen=141.9 bankrupt=0.06 div=9.735 184.5 g/s
gen  53/120  best=+0.5360 mean=+0.3001 med=+0.3232 std=0.1328 tf=0.215 nov=0.000 sigma=0.0843 wT=0.158 gLen=135.8 bankrupt=0.07 div=8.042 162.3 g/s
gen  54/120  best=+0.6849 mean=+0.3120 med=+0.3397 std=0.1688 tf=0.261 nov=0.000 sigma=0.0825 wT=0.150 gLen=137.0 bankrupt=0.07 div=6.639 150.6 g/s
gen  55/120  best=+0.6840 mean=+0.3428 med=+0.3459 std=0.1923 tf=0.256 nov=0.000 sigma=0.0807 wT=0.142 gLen=133.6 bankrupt=0.07 div=6.458 154.0 g/s
gen  56/120  best=+0.9788 mean=+0.3647 med=+0.3457 std=0.2103 tf=0.335 nov=0.000 sigma=0.0789 wT=0.133 gLen=131.3 bankrupt=0.07 div=6.521 146.9 g/s
gen  57/120  best=+0.7784 mean=+0.3723 med=+0.3768 std=0.1626 tf=0.289 nov=0.000 sigma=0.0771 wT=0.125 gLen=126.8 bankrupt=0.08 div=6.042 147.7 g/s
gen  58/120  best=+0.7748 mean=+0.3981 med=+0.4012 std=0.1701 tf=0.302 nov=0.000 sigma=0.0753 wT=0.117 gLen=117.2 bankrupt=0.10 div=6.918 157.2 g/s
gen  59/120  best=+0.6973 mean=+0.3872 med=+0.3786 std=0.1686 tf=0.268 nov=0.000 sigma=0.0735 wT=0.108 gLen=113.7 bankrupt=0.11 div=7.615 157.4 g/s
gen  60/120  best=+0.7425 mean=+0.3608 med=+0.3545 std=0.1864 tf=0.254 nov=0.000 sigma=0.0717 wT=0.100 gLen=113.7 bankrupt=0.10 div=7.940 155.9 g/s
gen  61/120  best=+0.6976 mean=+0.3336 med=+0.3231 std=0.1469 tf=0.286 nov=0.000 sigma=0.0699 wT=0.092 gLen=116.0 bankrupt=0.09 div=8.479 158.4 g/s
gen  62/120  best=+0.6889 mean=+0.3400 med=+0.3645 std=0.1995 tf=0.250 nov=0.000 sigma=0.0681 wT=0.083 gLen=115.7 bankrupt=0.09 div=8.092 157.6 g/s
gen  63/120  best=+0.6917 mean=+0.3293 med=+0.3610 std=0.1817 tf=0.248 nov=0.000 sigma=0.0662 wT=0.075 gLen=114.8 bankrupt=0.09 div=8.822 151.0 g/s
gen  64/120  best=+0.8402 mean=+0.3801 med=+0.3725 std=0.1697 tf=0.281 nov=0.000 sigma=0.0644 wT=0.067 gLen=110.6 bankrupt=0.10 div=9.053 150.5 g/s
gen  65/120  best=+0.7306 mean=+0.3523 med=+0.3751 std=0.1844 tf=0.265 nov=0.000 sigma=0.0626 wT=0.058 gLen=109.5 bankrupt=0.10 div=9.200 150.2 g/s
gen  66/120  best=+0.7386 mean=+0.3543 med=+0.3550 std=0.1949 tf=0.276 nov=0.000 sigma=0.0608 wT=0.050 gLen=112.2 bankrupt=0.11 div=8.015 162.6 g/s
gen  67/120  best=+0.6814 mean=+0.3539 med=+0.3622 std=0.1671 tf=0.259 nov=0.000 sigma=0.0590 wT=0.042 gLen=109.2 bankrupt=0.11 div=9.541 149.1 g/s
gen  68/120  best=+0.8674 mean=+0.3642 med=+0.3652 std=0.1748 tf=0.292 nov=0.000 sigma=0.0572 wT=0.033 gLen=118.2 bankrupt=0.09 div=9.812 161.4 g/s
gen  69/120  best=+0.8655 mean=+0.3813 med=+0.3830 std=0.1767 tf=0.307 nov=0.000 sigma=0.0554 wT=0.025 gLen=106.0 bankrupt=0.11 div=9.443 152.6 g/s
gen  70/120  best=+0.6718 mean=+0.3729 med=+0.3937 std=0.1244 tf=0.291 nov=0.000 sigma=0.0536 wT=0.017 gLen=104.9 bankrupt=0.12 div=9.601 151.9 g/s
gen  71/120  best=+0.6943 mean=+0.3644 med=+0.3446 std=0.1510 tf=0.252 nov=0.000 sigma=0.0518 wT=0.008 gLen=107.4 bankrupt=0.11 div=10.198 160.3 g/s
gen  72/120  best=+0.6719 mean=+0.3636 med=+0.3759 std=0.1459 tf=0.259 nov=0.000 sigma=0.0500 wT=0.000 gLen=112.9 bankrupt=0.11 div=10.257 161.9 g/s
gen  73/120  best=+0.7803 mean=+0.3605 med=+0.3794 std=0.1805 tf=0.242 nov=0.000 sigma=0.0500 wT=0.000 gLen=107.2 bankrupt=0.12 div=9.801 155.6 g/s
gen  74/120  best=+0.8031 mean=+0.3930 med=+0.4000 std=0.1540 tf=0.287 nov=0.000 sigma=0.0500 wT=0.000 gLen=95.0 bankrupt=0.15 div=7.854 157.5 g/s
gen  75/120  best=+0.7480 mean=+0.3804 med=+0.4046 std=0.1852 tf=0.276 nov=0.000 sigma=0.0500 wT=0.000 gLen=97.2 bankrupt=0.14 div=6.991 159.3 g/s
gen  76/120  best=+0.7514 mean=+0.3486 med=+0.3251 std=0.1622 tf=0.297 nov=0.000 sigma=0.0500 wT=0.000 gLen=99.1 bankrupt=0.15 div=6.298 157.4 g/s
gen  77/120  best=+0.8547 mean=+0.4324 med=+0.4459 std=0.1651 tf=0.305 nov=0.000 sigma=0.0500 wT=0.000 gLen=96.9 bankrupt=0.14 div=6.178 166.0 g/s
gen  78/120  best=+0.7130 mean=+0.3867 med=+0.3932 std=0.1790 tf=0.295 nov=0.000 sigma=0.0500 wT=0.000 gLen=92.4 bankrupt=0.17 div=3.616 163.0 g/s
gen  79/120  best=+0.8687 mean=+0.3970 med=+0.3944 std=0.1710 tf=0.291 nov=0.000 sigma=0.0500 wT=0.000 gLen=101.5 bankrupt=0.15 div=3.627 166.0 g/s
gen  80/120  best=+0.6147 mean=+0.3420 med=+0.3375 std=0.1346 tf=0.222 nov=0.000 sigma=0.0500 wT=0.000 gLen=89.9 bankrupt=0.17 div=4.083 162.9 g/s
gen  81/120  best=+0.7633 mean=+0.3968 med=+0.3956 std=0.1889 tf=0.244 nov=0.000 sigma=0.0500 wT=0.000 gLen=94.1 bankrupt=0.15 div=4.171 166.4 g/s
gen  82/120  best=+0.6756 mean=+0.3804 med=+0.3771 std=0.1448 tf=0.224 nov=0.000 sigma=0.0500 wT=0.000 gLen=96.4 bankrupt=0.14 div=4.321 161.6 g/s
gen  83/120  best=+0.7264 mean=+0.3785 med=+0.3793 std=0.1723 tf=0.262 nov=0.000 sigma=0.0500 wT=0.000 gLen=93.0 bankrupt=0.15 div=4.607 168.4 g/s
gen  84/120  best=+0.7730 mean=+0.4209 med=+0.4375 std=0.1517 tf=0.262 nov=0.000 sigma=0.0500 wT=0.000 gLen=94.8 bankrupt=0.14 div=4.904 162.6 g/s
gen  85/120  best=+0.7354 mean=+0.3590 med=+0.3994 std=0.1895 tf=0.299 nov=0.000 sigma=0.0500 wT=0.000 gLen=108.1 bankrupt=0.13 div=3.664 165.8 g/s
gen  86/120  best=+0.7253 mean=+0.3849 med=+0.3729 std=0.1576 tf=0.266 nov=0.000 sigma=0.0500 wT=0.000 gLen=108.2 bankrupt=0.13 div=3.462 155.6 g/s
gen  87/120  best=+0.7494 mean=+0.3692 med=+0.3760 std=0.1710 tf=0.269 nov=0.000 sigma=0.0500 wT=0.000 gLen=108.5 bankrupt=0.14 div=3.787 140.8 g/s
gen  88/120  best=+0.7140 mean=+0.4164 med=+0.4361 std=0.1714 tf=0.291 nov=0.000 sigma=0.0500 wT=0.000 gLen=107.1 bankrupt=0.12 div=3.949 150.4 g/s
gen  89/120  best=+0.7266 mean=+0.4166 med=+0.4148 std=0.1382 tf=0.294 nov=0.000 sigma=0.0500 wT=0.000 gLen=101.4 bankrupt=0.13 div=4.450 149.1 g/s
gen  90/120  best=+0.8048 mean=+0.3887 med=+0.4011 std=0.1965 tf=0.284 nov=0.000 sigma=0.0500 wT=0.000 gLen=100.5 bankrupt=0.13 div=4.424 150.2 g/s
gen  91/120  best=+0.7700 mean=+0.4189 med=+0.4165 std=0.1508 tf=0.286 nov=0.000 sigma=0.0500 wT=0.000 gLen=95.8 bankrupt=0.13 div=4.104 153.0 g/s
gen  92/120  best=+0.7197 mean=+0.4273 med=+0.4486 std=0.1645 tf=0.258 nov=0.000 sigma=0.0500 wT=0.000 gLen=96.8 bankrupt=0.13 div=4.224 156.1 g/s
gen  93/120  best=+0.7256 mean=+0.4124 med=+0.4233 std=0.1561 tf=0.285 nov=0.000 sigma=0.0500 wT=0.000 gLen=109.4 bankrupt=0.12 div=3.726 155.0 g/s
gen  94/120  best=+0.7190 mean=+0.3960 med=+0.3811 std=0.1498 tf=0.261 nov=0.000 sigma=0.0500 wT=0.000 gLen=104.1 bankrupt=0.12 div=3.892 154.0 g/s
gen  95/120  best=+0.9075 mean=+0.3951 med=+0.3981 std=0.1593 tf=0.316 nov=0.000 sigma=0.0500 wT=0.000 gLen=109.1 bankrupt=0.13 div=4.567 156.8 g/s
gen  96/120  best=+0.8865 mean=+0.4161 med=+0.4481 std=0.1809 tf=0.323 nov=0.000 sigma=0.0500 wT=0.000 gLen=105.9 bankrupt=0.13 div=4.222 161.6 g/s
gen  97/120  best=+0.7617 mean=+0.3612 med=+0.3772 std=0.1761 tf=0.222 nov=0.000 sigma=0.0500 wT=0.000 gLen=105.5 bankrupt=0.14 div=4.633 156.8 g/s
gen  98/120  best=+0.9081 mean=+0.3737 med=+0.3738 std=0.1867 tf=0.285 nov=0.000 sigma=0.0500 wT=0.000 gLen=99.0 bankrupt=0.13 div=4.805 161.1 g/s
gen  99/120  best=+1.0524 mean=+0.4064 med=+0.4200 std=0.2222 tf=0.339 nov=0.000 sigma=0.0500 wT=0.000 gLen=99.1 bankrupt=0.12 div=4.380 157.1 g/s
gen 100/120  best=+0.8775 mean=+0.3957 med=+0.3723 std=0.1701 tf=0.231 nov=0.000 sigma=0.0500 wT=0.000 gLen=100.5 bankrupt=0.12 div=4.224 166.2 g/s
gen 101/120  best=+0.7510 mean=+0.3867 med=+0.3995 std=0.1603 tf=0.277 nov=0.000 sigma=0.0500 wT=0.000 gLen=106.2 bankrupt=0.12 div=4.312 155.0 g/s
gen 102/120  best=+0.9671 mean=+0.4051 med=+0.4042 std=0.1946 tf=0.286 nov=0.000 sigma=0.0500 wT=0.000 gLen=101.7 bankrupt=0.13 div=4.597 152.3 g/s
gen 103/120  best=+0.7074 mean=+0.4203 med=+0.4051 std=0.1439 tf=0.289 nov=0.000 sigma=0.0500 wT=0.000 gLen=104.7 bankrupt=0.13 div=4.741 156.9 g/s
gen 104/120  best=+0.8630 mean=+0.4117 med=+0.4279 std=0.1588 tf=0.283 nov=0.000 sigma=0.0500 wT=0.000 gLen=95.9 bankrupt=0.13 div=4.804 159.9 g/s
gen 105/120  best=+0.8168 mean=+0.3967 med=+0.3719 std=0.1802 tf=0.264 nov=0.000 sigma=0.0500 wT=0.000 gLen=94.2 bankrupt=0.13 div=4.760 154.9 g/s
gen 106/120  best=+0.9010 mean=+0.4324 med=+0.3906 std=0.1924 tf=0.304 nov=0.000 sigma=0.0500 wT=0.000 gLen=86.5 bankrupt=0.13 div=4.858 164.3 g/s
gen 107/120  best=+0.9118 mean=+0.4638 med=+0.4534 std=0.1642 tf=0.309 nov=0.000 sigma=0.0500 wT=0.000 gLen=89.9 bankrupt=0.13 div=3.282 151.9 g/s
gen 108/120  best=+0.8580 mean=+0.4226 med=+0.4484 std=0.1926 tf=0.279 nov=0.000 sigma=0.0500 wT=0.000 gLen=87.6 bankrupt=0.14 div=3.807 160.0 g/s
gen 109/120  best=+0.7558 mean=+0.4119 med=+0.4307 std=0.1606 tf=0.276 nov=0.000 sigma=0.0500 wT=0.000 gLen=97.4 bankrupt=0.13 div=4.142 158.7 g/s
gen 110/120  best=+0.8496 mean=+0.3990 med=+0.3891 std=0.1683 tf=0.259 nov=0.000 sigma=0.0500 wT=0.000 gLen=104.5 bankrupt=0.13 div=4.107 158.0 g/s
gen 111/120  best=+0.8795 mean=+0.4002 med=+0.4056 std=0.1907 tf=0.302 nov=0.000 sigma=0.0500 wT=0.000 gLen=96.2 bankrupt=0.13 div=4.498 156.4 g/s
gen 112/120  best=+0.8300 mean=+0.5055 med=+0.5166 std=0.2070 tf=0.283 nov=0.000 sigma=0.0500 wT=0.000 gLen=99.9 bankrupt=0.12 div=4.653 152.4 g/s
gen 113/120  best=+0.7757 mean=+0.4588 med=+0.4451 std=0.1628 tf=0.275 nov=0.000 sigma=0.0500 wT=0.000 gLen=102.6 bankrupt=0.11 div=4.290 160.3 g/s
gen 114/120  best=+0.9193 mean=+0.3593 med=+0.3378 std=0.1955 tf=0.317 nov=0.000 sigma=0.0500 wT=0.000 gLen=111.4 bankrupt=0.10 div=4.004 162.5 g/s
gen 115/120  best=+0.7845 mean=+0.4139 med=+0.4028 std=0.1565 tf=0.308 nov=0.000 sigma=0.0500 wT=0.000 gLen=97.8 bankrupt=0.12 div=4.601 155.6 g/s
gen 116/120  best=+0.9597 mean=+0.4064 med=+0.4013 std=0.1845 tf=0.317 nov=0.000 sigma=0.0500 wT=0.000 gLen=97.2 bankrupt=0.12 div=5.000 156.2 g/s
gen 117/120  best=+0.8081 mean=+0.4315 med=+0.4383 std=0.1713 tf=0.281 nov=0.000 sigma=0.0500 wT=0.000 gLen=92.0 bankrupt=0.12 div=4.981 151.7 g/s
gen 118/120  best=+0.8328 mean=+0.4752 med=+0.4803 std=0.1661 tf=0.308 nov=0.000 sigma=0.0500 wT=0.000 gLen=92.0 bankrupt=0.13 div=5.419 147.1 g/s
gen 119/120  best=+0.7877 mean=+0.4254 med=+0.4165 std=0.1577 tf=0.280 nov=0.000 sigma=0.0500 wT=0.000 gLen=87.2 bankrupt=0.14 div=5.396 148.3 g/s
cp-train: done in 2828.2s — wrote checkpoints/champion.json, checkpoints/hof.json (HoF size 10), checkpoints/log.jsonl
