cp-train: gens=120 pop=64 elite=8 games=64 seed=1 cap=200 arch=[57, 24, 16, 1] (1809 params) out=checkpoints/phase1
gen   0/120  best=+0.6552 mean=+0.1467 med=+0.1877 std=0.2713 tf=0.182 nov=0.000 sigma=0.1800 wT=0.600 gLen=196.2 bankrupt=0.00 div=21.152 312.0 g/s
gen   1/120  best=+0.6146 mean=+0.1900 med=+0.2533 std=0.2510 tf=0.181 nov=0.000 sigma=0.1782 wT=0.592 gLen=184.6 bankrupt=0.01 div=21.098 255.8 g/s
gen   2/120  best=+0.5477 mean=+0.2130 med=+0.2749 std=0.2367 tf=0.188 nov=0.000 sigma=0.1764 wT=0.583 gLen=183.8 bankrupt=0.01 div=21.250 248.6 g/s
gen   3/120  best=+0.5351 mean=+0.2629 med=+0.3154 std=0.2103 tf=0.185 nov=0.000 sigma=0.1746 wT=0.575 gLen=179.2 bankrupt=0.01 div=21.458 224.9 g/s
gen   4/120  best=+0.5406 mean=+0.2295 med=+0.2850 std=0.2194 tf=0.171 nov=0.000 sigma=0.1728 wT=0.567 gLen=180.3 bankrupt=0.01 div=20.631 237.3 g/s
gen   5/120  best=+0.7573 mean=+0.2740 med=+0.3060 std=0.1702 tf=0.213 nov=0.000 sigma=0.1710 wT=0.558 gLen=177.1 bankrupt=0.01 div=18.128 228.1 g/s
gen   6/120  best=+0.5306 mean=+0.2217 med=+0.2700 std=0.2183 tf=0.150 nov=0.000 sigma=0.1692 wT=0.550 gLen=179.2 bankrupt=0.01 div=22.264 242.3 g/s
gen   7/120  best=+0.5804 mean=+0.2334 med=+0.3014 std=0.2122 tf=0.175 nov=0.000 sigma=0.1674 wT=0.542 gLen=177.1 bankrupt=0.02 div=21.406 223.7 g/s
gen   8/120  best=+0.7923 mean=+0.2580 med=+0.2705 std=0.1901 tf=0.174 nov=0.000 sigma=0.1656 wT=0.533 gLen=179.4 bankrupt=0.01 div=21.539 234.9 g/s
gen   9/120  best=+0.5182 mean=+0.2633 med=+0.2729 std=0.1191 tf=0.175 nov=0.000 sigma=0.1638 wT=0.525 gLen=179.7 bankrupt=0.01 div=23.221 232.8 g/s
gen  10/120  best=+0.6238 mean=+0.2184 med=+0.2667 std=0.2092 tf=0.159 nov=0.000 sigma=0.1619 wT=0.517 gLen=177.3 bankrupt=0.02 div=18.769 235.9 g/s
gen  11/120  best=+0.6328 mean=+0.2463 med=+0.2929 std=0.2156 tf=0.142 nov=0.000 sigma=0.1601 wT=0.508 gLen=177.2 bankrupt=0.02 div=15.227 254.3 g/s
gen  12/120  best=+0.6324 mean=+0.2298 med=+0.2819 std=0.2298 tf=0.169 nov=0.000 sigma=0.1583 wT=0.500 gLen=175.5 bankrupt=0.02 div=15.773 244.1 g/s
gen  13/120  best=+0.5343 mean=+0.2422 med=+0.2496 std=0.1461 tf=0.197 nov=0.000 sigma=0.1565 wT=0.492 gLen=169.7 bankrupt=0.03 div=18.219 220.9 g/s
gen  14/120  best=+0.5406 mean=+0.2877 med=+0.3270 std=0.1904 tf=0.152 nov=0.000 sigma=0.1547 wT=0.483 gLen=166.9 bankrupt=0.04 div=17.657 226.2 g/s
gen  15/120  best=+0.4782 mean=+0.2554 med=+0.2633 std=0.1443 tf=0.163 nov=0.000 sigma=0.1529 wT=0.475 gLen=171.3 bankrupt=0.03 div=16.192 225.7 g/s
gen  16/120  best=+0.5490 mean=+0.2602 med=+0.2794 std=0.1790 tf=0.192 nov=0.000 sigma=0.1511 wT=0.467 gLen=170.0 bankrupt=0.02 div=15.825 227.8 g/s
gen  17/120  best=+0.6556 mean=+0.3098 med=+0.3295 std=0.1703 tf=0.197 nov=0.000 sigma=0.1493 wT=0.458 gLen=166.5 bankrupt=0.03 div=10.701 210.1 g/s
gen  18/120  best=+0.5535 mean=+0.2719 med=+0.2829 std=0.1609 tf=0.162 nov=0.000 sigma=0.1475 wT=0.450 gLen=172.4 bankrupt=0.02 div=10.632 228.2 g/s
gen  19/120  best=+0.6441 mean=+0.2853 med=+0.2713 std=0.1493 tf=0.175 nov=0.000 sigma=0.1457 wT=0.442 gLen=169.3 bankrupt=0.02 div=11.312 232.0 g/s
gen  20/120  best=+0.4615 mean=+0.2699 med=+0.2938 std=0.1233 tf=0.166 nov=0.000 sigma=0.1439 wT=0.433 gLen=169.5 bankrupt=0.03 div=11.874 238.5 g/s
gen  21/120  best=+0.6055 mean=+0.2819 med=+0.2823 std=0.1181 tf=0.213 nov=0.000 sigma=0.1421 wT=0.425 gLen=168.6 bankrupt=0.03 div=12.860 244.4 g/s
gen  22/120  best=+0.6639 mean=+0.3140 med=+0.3108 std=0.1158 tf=0.167 nov=0.000 sigma=0.1403 wT=0.417 gLen=169.5 bankrupt=0.02 div=13.315 242.5 g/s
gen  23/120  best=+0.6223 mean=+0.3072 med=+0.3158 std=0.1306 tf=0.152 nov=0.000 sigma=0.1385 wT=0.408 gLen=173.0 bankrupt=0.02 div=13.715 253.1 g/s
gen  24/120  best=+0.6192 mean=+0.2831 med=+0.2804 std=0.1406 tf=0.185 nov=0.000 sigma=0.1367 wT=0.400 gLen=173.0 bankrupt=0.03 div=14.048 245.5 g/s
gen  25/120  best=+0.5057 mean=+0.2902 med=+0.2973 std=0.1093 tf=0.151 nov=0.000 sigma=0.1349 wT=0.392 gLen=172.6 bankrupt=0.02 div=12.703 236.0 g/s
gen  26/120  best=+0.5743 mean=+0.2827 med=+0.3107 std=0.1588 tf=0.169 nov=0.000 sigma=0.1331 wT=0.383 gLen=169.3 bankrupt=0.03 div=13.814 237.0 g/s
gen  27/120  best=+0.5434 mean=+0.2708 med=+0.2692 std=0.1373 tf=0.165 nov=0.000 sigma=0.1312 wT=0.375 gLen=173.7 bankrupt=0.02 div=11.953 239.1 g/s
gen  28/120  best=+0.6051 mean=+0.2773 med=+0.2828 std=0.1518 tf=0.158 nov=0.000 sigma=0.1294 wT=0.367 gLen=175.9 bankrupt=0.02 div=13.301 237.3 g/s
gen  29/120  best=+0.5945 mean=+0.2560 med=+0.2841 std=0.1862 tf=0.169 nov=0.000 sigma=0.1276 wT=0.358 gLen=170.2 bankrupt=0.02 div=12.458 245.7 g/s
gen  30/120  best=+0.5318 mean=+0.3112 med=+0.3213 std=0.1163 tf=0.169 nov=0.000 sigma=0.1258 wT=0.350 gLen=169.4 bankrupt=0.02 div=11.389 253.5 g/s
gen  31/120  best=+0.5315 mean=+0.2662 med=+0.2632 std=0.1106 tf=0.199 nov=0.000 sigma=0.1240 wT=0.342 gLen=177.0 bankrupt=0.02 div=9.187 233.5 g/s
gen  32/120  best=+0.5503 mean=+0.2974 med=+0.2987 std=0.1132 tf=0.179 nov=0.000 sigma=0.1222 wT=0.333 gLen=171.6 bankrupt=0.02 div=10.450 234.9 g/s
gen  33/120  best=+0.4417 mean=+0.2664 med=+0.2725 std=0.0770 tf=0.177 nov=0.000 sigma=0.1204 wT=0.325 gLen=173.9 bankrupt=0.02 div=10.773 240.1 g/s
gen  34/120  best=+0.5720 mean=+0.2792 med=+0.2838 std=0.1408 tf=0.170 nov=0.000 sigma=0.1186 wT=0.317 gLen=171.5 bankrupt=0.02 div=11.537 235.9 g/s
gen  35/120  best=+0.5225 mean=+0.2652 med=+0.2605 std=0.1153 tf=0.163 nov=0.000 sigma=0.1168 wT=0.308 gLen=169.6 bankrupt=0.03 div=11.166 246.5 g/s
gen  36/120  best=+0.4918 mean=+0.2623 med=+0.2683 std=0.1283 tf=0.170 nov=0.000 sigma=0.1150 wT=0.300 gLen=167.7 bankrupt=0.03 div=11.721 235.9 g/s
gen  37/120  best=+0.5209 mean=+0.3010 med=+0.2854 std=0.1044 tf=0.213 nov=0.000 sigma=0.1132 wT=0.292 gLen=164.1 bankrupt=0.04 div=12.231 233.8 g/s
gen  38/120  best=+0.5361 mean=+0.2645 med=+0.2721 std=0.1106 tf=0.152 nov=0.000 sigma=0.1114 wT=0.283 gLen=166.8 bankrupt=0.03 div=12.802 236.1 g/s
gen  39/120  best=+0.6010 mean=+0.2954 med=+0.2993 std=0.1072 tf=0.243 nov=0.000 sigma=0.1096 wT=0.275 gLen=167.8 bankrupt=0.04 div=13.834 224.2 g/s
gen  40/120  best=+0.4733 mean=+0.2493 med=+0.2785 std=0.1370 tf=0.178 nov=0.000 sigma=0.1078 wT=0.267 gLen=164.9 bankrupt=0.05 div=14.246 217.9 g/s
gen  41/120  best=+0.5099 mean=+0.2752 med=+0.2730 std=0.1381 tf=0.159 nov=0.000 sigma=0.1060 wT=0.258 gLen=155.5 bankrupt=0.07 div=7.196 208.3 g/s
gen  42/120  best=+0.6256 mean=+0.2892 med=+0.2774 std=0.1427 tf=0.207 nov=0.000 sigma=0.1042 wT=0.250 gLen=152.5 bankrupt=0.07 div=7.587 218.3 g/s
gen  43/120  best=+0.6717 mean=+0.2860 med=+0.2833 std=0.1334 tf=0.232 nov=0.000 sigma=0.1024 wT=0.242 gLen=154.0 bankrupt=0.06 div=7.288 215.4 g/s
gen  44/120  best=+0.5303 mean=+0.2715 med=+0.2767 std=0.1091 tf=0.225 nov=0.000 sigma=0.1006 wT=0.233 gLen=160.6 bankrupt=0.04 div=8.538 224.4 g/s
gen  45/120  best=+0.7272 mean=+0.2669 med=+0.2546 std=0.1349 tf=0.264 nov=0.000 sigma=0.0987 wT=0.225 gLen=153.5 bankrupt=0.08 div=9.489 217.0 g/s
gen  46/120  best=+0.6317 mean=+0.2969 med=+0.2858 std=0.1383 tf=0.216 nov=0.000 sigma=0.0969 wT=0.217 gLen=148.7 bankrupt=0.07 div=9.736 205.4 g/s
gen  47/120  best=+0.6971 mean=+0.3222 med=+0.3166 std=0.1336 tf=0.276 nov=0.000 sigma=0.0951 wT=0.208 gLen=146.3 bankrupt=0.07 div=9.185 217.5 g/s
gen  48/120  best=+0.6380 mean=+0.3053 med=+0.3198 std=0.1296 tf=0.228 nov=0.000 sigma=0.0933 wT=0.200 gLen=143.5 bankrupt=0.08 div=8.041 219.7 g/s
gen  49/120  best=+0.6224 mean=+0.3297 med=+0.3491 std=0.1369 tf=0.160 nov=0.000 sigma=0.0915 wT=0.192 gLen=129.2 bankrupt=0.11 div=7.195 216.5 g/s
gen  50/120  best=+0.5821 mean=+0.3128 med=+0.3289 std=0.1165 tf=0.170 nov=0.000 sigma=0.0897 wT=0.183 gLen=149.4 bankrupt=0.06 div=8.037 212.7 g/s
gen  51/120  best=+0.5480 mean=+0.3208 med=+0.3331 std=0.1175 tf=0.133 nov=0.000 sigma=0.0879 wT=0.175 gLen=158.7 bankrupt=0.05 div=8.682 246.7 g/s
gen  52/120  best=+0.5554 mean=+0.2954 med=+0.2953 std=0.1222 tf=0.136 nov=0.000 sigma=0.0861 wT=0.167 gLen=155.1 bankrupt=0.05 div=8.946 239.4 g/s
gen  53/120  best=+0.6576 mean=+0.3044 med=+0.3275 std=0.1422 tf=0.216 nov=0.000 sigma=0.0843 wT=0.158 gLen=151.6 bankrupt=0.07 div=9.328 222.9 g/s
gen  54/120  best=+0.5767 mean=+0.3047 med=+0.3133 std=0.1181 tf=0.167 nov=0.000 sigma=0.0825 wT=0.150 gLen=154.7 bankrupt=0.04 div=8.556 230.8 g/s
gen  55/120  best=+0.5797 mean=+0.3021 med=+0.3007 std=0.1192 tf=0.223 nov=0.000 sigma=0.0807 wT=0.142 gLen=158.0 bankrupt=0.05 div=7.248 235.6 g/s
gen  56/120  best=+0.6051 mean=+0.2944 med=+0.2893 std=0.1119 tf=0.226 nov=0.000 sigma=0.0789 wT=0.133 gLen=151.1 bankrupt=0.06 div=8.330 234.7 g/s
gen  57/120  best=+0.6712 mean=+0.2754 med=+0.2841 std=0.1389 tf=0.172 nov=0.000 sigma=0.0771 wT=0.125 gLen=158.9 bankrupt=0.05 div=9.189 230.8 g/s
gen  58/120  best=+0.6552 mean=+0.3302 med=+0.3046 std=0.1297 tf=0.160 nov=0.000 sigma=0.0753 wT=0.117 gLen=152.5 bankrupt=0.04 div=8.496 233.8 g/s
gen  59/120  best=+0.5420 mean=+0.2989 med=+0.2926 std=0.1179 tf=0.171 nov=0.000 sigma=0.0735 wT=0.108 gLen=157.5 bankrupt=0.04 div=8.678 239.0 g/s
gen  60/120  best=+0.5375 mean=+0.2935 med=+0.2884 std=0.1159 tf=0.185 nov=0.000 sigma=0.0717 wT=0.100 gLen=157.8 bankrupt=0.05 div=4.966 226.3 g/s
gen  61/120  best=+0.5801 mean=+0.2969 med=+0.2855 std=0.1211 tf=0.215 nov=0.000 sigma=0.0699 wT=0.092 gLen=152.4 bankrupt=0.05 div=5.709 229.2 g/s
gen  62/120  best=+0.6076 mean=+0.3109 med=+0.3082 std=0.1252 tf=0.184 nov=0.000 sigma=0.0681 wT=0.083 gLen=148.5 bankrupt=0.07 div=5.366 211.6 g/s
gen  63/120  best=+0.5408 mean=+0.2913 med=+0.2995 std=0.1336 tf=0.187 nov=0.000 sigma=0.0662 wT=0.075 gLen=148.1 bankrupt=0.07 div=4.994 221.0 g/s
gen  64/120  best=+0.5136 mean=+0.2886 med=+0.2938 std=0.1137 tf=0.210 nov=0.000 sigma=0.0644 wT=0.067 gLen=150.3 bankrupt=0.06 div=5.541 228.4 g/s
gen  65/120  best=+0.5703 mean=+0.2744 med=+0.2552 std=0.1175 tf=0.196 nov=0.000 sigma=0.0626 wT=0.058 gLen=151.1 bankrupt=0.06 div=6.260 208.2 g/s
gen  66/120  best=+0.5345 mean=+0.2929 med=+0.2925 std=0.1156 tf=0.169 nov=0.000 sigma=0.0608 wT=0.050 gLen=149.0 bankrupt=0.06 div=6.028 230.0 g/s
gen  67/120  best=+0.6086 mean=+0.2913 med=+0.2907 std=0.1214 tf=0.135 nov=0.000 sigma=0.0590 wT=0.042 gLen=157.0 bankrupt=0.04 div=6.649 216.3 g/s
gen  68/120  best=+0.5076 mean=+0.2546 med=+0.2628 std=0.1407 tf=0.145 nov=0.000 sigma=0.0572 wT=0.033 gLen=159.7 bankrupt=0.03 div=6.489 224.5 g/s
gen  69/120  best=+0.5884 mean=+0.2582 med=+0.2354 std=0.1275 tf=0.265 nov=0.000 sigma=0.0554 wT=0.025 gLen=161.0 bankrupt=0.03 div=5.700 215.6 g/s
gen  70/120  best=+0.5830 mean=+0.2833 med=+0.2756 std=0.1250 tf=0.216 nov=0.000 sigma=0.0536 wT=0.017 gLen=147.7 bankrupt=0.06 div=6.042 196.0 g/s
gen  71/120  best=+0.6287 mean=+0.3265 med=+0.3088 std=0.1058 tf=0.246 nov=0.000 sigma=0.0518 wT=0.008 gLen=141.1 bankrupt=0.06 div=3.915 198.7 g/s
gen  72/120  best=+0.7307 mean=+0.3074 med=+0.3143 std=0.1482 tf=0.253 nov=0.000 sigma=0.0500 wT=0.000 gLen=137.5 bankrupt=0.07 div=3.407 190.6 g/s
gen  73/120  best=+0.5418 mean=+0.3096 med=+0.3127 std=0.1112 tf=0.178 nov=0.000 sigma=0.0500 wT=0.000 gLen=140.8 bankrupt=0.07 div=3.675 177.0 g/s
gen  74/120  best=+0.5979 mean=+0.2953 med=+0.2763 std=0.1236 tf=0.262 nov=0.000 sigma=0.0500 wT=0.000 gLen=144.1 bankrupt=0.05 div=3.827 203.4 g/s
gen  75/120  best=+0.5740 mean=+0.3083 med=+0.2992 std=0.1156 tf=0.251 nov=0.000 sigma=0.0500 wT=0.000 gLen=139.4 bankrupt=0.07 div=3.733 198.0 g/s
gen  76/120  best=+0.5940 mean=+0.2996 med=+0.2917 std=0.1208 tf=0.243 nov=0.000 sigma=0.0500 wT=0.000 gLen=144.3 bankrupt=0.06 div=3.837 203.4 g/s
gen  77/120  best=+0.6300 mean=+0.3087 med=+0.3280 std=0.1240 tf=0.223 nov=0.000 sigma=0.0500 wT=0.000 gLen=144.6 bankrupt=0.06 div=4.399 208.6 g/s
gen  78/120  best=+0.5398 mean=+0.2879 med=+0.2788 std=0.1143 tf=0.204 nov=0.000 sigma=0.0500 wT=0.000 gLen=149.9 bankrupt=0.05 div=5.159 209.7 g/s
gen  79/120  best=+0.5130 mean=+0.2843 med=+0.2822 std=0.1234 tf=0.175 nov=0.000 sigma=0.0500 wT=0.000 gLen=154.8 bankrupt=0.04 div=5.029 228.5 g/s
gen  80/120  best=+0.5023 mean=+0.2802 med=+0.2823 std=0.0990 tf=0.154 nov=0.000 sigma=0.0500 wT=0.000 gLen=156.9 bankrupt=0.04 div=5.753 212.4 g/s
gen  81/120  best=+0.5744 mean=+0.3159 med=+0.3204 std=0.1172 tf=0.211 nov=0.000 sigma=0.0500 wT=0.000 gLen=152.2 bankrupt=0.04 div=5.731 218.9 g/s
gen  82/120  best=+0.5687 mean=+0.2817 med=+0.2831 std=0.1171 tf=0.187 nov=0.000 sigma=0.0500 wT=0.000 gLen=153.0 bankrupt=0.04 div=3.721 224.8 g/s
gen  83/120  best=+0.5662 mean=+0.2903 med=+0.3059 std=0.1220 tf=0.182 nov=0.000 sigma=0.0500 wT=0.000 gLen=152.9 bankrupt=0.03 div=3.140 220.6 g/s
gen  84/120  best=+0.5540 mean=+0.2863 med=+0.2814 std=0.1123 tf=0.180 nov=0.000 sigma=0.0500 wT=0.000 gLen=155.4 bankrupt=0.04 div=3.659 217.9 g/s
gen  85/120  best=+0.6961 mean=+0.2900 med=+0.2935 std=0.1192 tf=0.179 nov=0.000 sigma=0.0500 wT=0.000 gLen=150.9 bankrupt=0.04 div=4.034 226.8 g/s
gen  86/120  best=+0.5137 mean=+0.2573 med=+0.2524 std=0.1260 tf=0.149 nov=0.000 sigma=0.0500 wT=0.000 gLen=153.3 bankrupt=0.04 div=4.030 225.8 g/s
gen  87/120  best=+0.4365 mean=+0.2679 med=+0.2685 std=0.0966 tf=0.156 nov=0.000 sigma=0.0500 wT=0.000 gLen=156.9 bankrupt=0.04 div=4.254 232.9 g/s
gen  88/120  best=+0.5383 mean=+0.2833 med=+0.2870 std=0.1221 tf=0.191 nov=0.000 sigma=0.0500 wT=0.000 gLen=156.4 bankrupt=0.03 div=4.418 242.4 g/s
gen  89/120  best=+0.5057 mean=+0.2794 med=+0.2797 std=0.0966 tf=0.203 nov=0.000 sigma=0.0500 wT=0.000 gLen=158.5 bankrupt=0.03 div=4.637 241.2 g/s
gen  90/120  best=+0.5421 mean=+0.2677 med=+0.2866 std=0.1138 tf=0.222 nov=0.000 sigma=0.0500 wT=0.000 gLen=155.6 bankrupt=0.04 div=4.799 226.4 g/s
gen  91/120  best=+0.5381 mean=+0.2577 med=+0.2598 std=0.1017 tf=0.164 nov=0.000 sigma=0.0500 wT=0.000 gLen=157.3 bankrupt=0.03 div=4.225 238.3 g/s
gen  92/120  best=+0.5358 mean=+0.2600 med=+0.2586 std=0.1088 tf=0.152 nov=0.000 sigma=0.0500 wT=0.000 gLen=151.5 bankrupt=0.04 div=4.538 228.7 g/s
gen  93/120  best=+0.5426 mean=+0.2894 med=+0.2904 std=0.1106 tf=0.169 nov=0.000 sigma=0.0500 wT=0.000 gLen=154.0 bankrupt=0.03 div=4.911 219.0 g/s
gen  94/120  best=+0.4692 mean=+0.2737 med=+0.2696 std=0.1142 tf=0.177 nov=0.000 sigma=0.0500 wT=0.000 gLen=154.4 bankrupt=0.03 div=4.843 231.0 g/s
gen  95/120  best=+0.5758 mean=+0.2922 med=+0.2916 std=0.1129 tf=0.229 nov=0.000 sigma=0.0500 wT=0.000 gLen=154.1 bankrupt=0.03 div=3.692 214.2 g/s
gen  96/120  best=+0.5021 mean=+0.2582 med=+0.2439 std=0.1103 tf=0.207 nov=0.000 sigma=0.0500 wT=0.000 gLen=153.2 bankrupt=0.03 div=2.986 202.5 g/s
gen  97/120  best=+0.4560 mean=+0.2557 med=+0.2564 std=0.0943 tf=0.193 nov=0.000 sigma=0.0500 wT=0.000 gLen=151.9 bankrupt=0.04 div=3.127 199.3 g/s
gen  98/120  best=+0.5026 mean=+0.2507 med=+0.2378 std=0.1268 tf=0.217 nov=0.000 sigma=0.0500 wT=0.000 gLen=149.7 bankrupt=0.04 div=3.685 197.3 g/s
gen  99/120  best=+0.5473 mean=+0.2816 med=+0.2798 std=0.1204 tf=0.194 nov=0.000 sigma=0.0500 wT=0.000 gLen=147.5 bankrupt=0.04 div=3.865 204.3 g/s
gen 100/120  best=+0.6652 mean=+0.2957 med=+0.3074 std=0.1199 tf=0.243 nov=0.000 sigma=0.0500 wT=0.000 gLen=148.8 bankrupt=0.04 div=4.270 206.0 g/s
gen 101/120  best=+0.5384 mean=+0.2905 med=+0.2965 std=0.1264 tf=0.170 nov=0.000 sigma=0.0500 wT=0.000 gLen=148.4 bankrupt=0.04 div=4.564 202.9 g/s
gen 102/120  best=+0.4554 mean=+0.2652 med=+0.2872 std=0.0983 tf=0.222 nov=0.000 sigma=0.0500 wT=0.000 gLen=152.9 bankrupt=0.03 div=4.863 214.6 g/s
gen 103/120  best=+0.5979 mean=+0.2548 med=+0.2376 std=0.1156 tf=0.228 nov=0.000 sigma=0.0500 wT=0.000 gLen=151.0 bankrupt=0.04 div=4.157 199.8 g/s
gen 104/120  best=+0.4716 mean=+0.2579 med=+0.2529 std=0.1093 tf=0.195 nov=0.000 sigma=0.0500 wT=0.000 gLen=153.9 bankrupt=0.04 div=4.764 207.3 g/s
gen 105/120  best=+0.4831 mean=+0.2590 med=+0.2672 std=0.1351 tf=0.202 nov=0.000 sigma=0.0500 wT=0.000 gLen=149.1 bankrupt=0.04 div=5.453 196.2 g/s
gen 106/120  best=+0.4460 mean=+0.2391 med=+0.2250 std=0.1017 tf=0.169 nov=0.000 sigma=0.0500 wT=0.000 gLen=151.3 bankrupt=0.04 div=5.191 202.2 g/s
gen 107/120  best=+0.5863 mean=+0.2633 med=+0.2586 std=0.1092 tf=0.255 nov=0.000 sigma=0.0500 wT=0.000 gLen=147.8 bankrupt=0.05 div=5.480 192.3 g/s
gen 108/120  best=+0.5748 mean=+0.2681 med=+0.2691 std=0.1122 tf=0.219 nov=0.000 sigma=0.0500 wT=0.000 gLen=149.7 bankrupt=0.04 div=5.348 201.0 g/s
gen 109/120  best=+0.6396 mean=+0.2524 med=+0.2370 std=0.1458 tf=0.223 nov=0.000 sigma=0.0500 wT=0.000 gLen=141.6 bankrupt=0.07 div=5.816 179.8 g/s
gen 110/120  best=+0.5692 mean=+0.2869 med=+0.2995 std=0.1249 tf=0.252 nov=0.000 sigma=0.0500 wT=0.000 gLen=147.9 bankrupt=0.05 div=5.988 186.5 g/s
gen 111/120  best=+0.5824 mean=+0.2763 med=+0.2779 std=0.1259 tf=0.234 nov=0.000 sigma=0.0500 wT=0.000 gLen=140.1 bankrupt=0.06 div=6.378 180.4 g/s
gen 112/120  best=+0.5814 mean=+0.2643 med=+0.2647 std=0.1373 tf=0.280 nov=0.000 sigma=0.0500 wT=0.000 gLen=143.1 bankrupt=0.06 div=6.475 172.2 g/s
gen 113/120  best=+0.5262 mean=+0.2970 med=+0.2853 std=0.1042 tf=0.248 nov=0.000 sigma=0.0500 wT=0.000 gLen=141.8 bankrupt=0.05 div=5.012 165.3 g/s
gen 114/120  best=+0.5827 mean=+0.3032 med=+0.2996 std=0.1109 tf=0.231 nov=0.000 sigma=0.0500 wT=0.000 gLen=135.9 bankrupt=0.06 div=4.609 171.0 g/s
gen 115/120  best=+0.5502 mean=+0.3108 med=+0.3121 std=0.1209 tf=0.230 nov=0.000 sigma=0.0500 wT=0.000 gLen=141.9 bankrupt=0.05 div=5.004 182.0 g/s
gen 116/120  best=+0.4728 mean=+0.2446 med=+0.2518 std=0.1356 tf=0.197 nov=0.000 sigma=0.0500 wT=0.000 gLen=150.3 bankrupt=0.04 div=4.208 194.2 g/s
gen 117/120  best=+0.5642 mean=+0.2365 med=+0.2399 std=0.1184 tf=0.227 nov=0.000 sigma=0.0500 wT=0.000 gLen=144.6 bankrupt=0.05 div=5.095 196.4 g/s
gen 118/120  best=+0.4850 mean=+0.2659 med=+0.2595 std=0.0974 tf=0.179 nov=0.000 sigma=0.0500 wT=0.000 gLen=149.4 bankrupt=0.04 div=4.929 204.4 g/s
gen 119/120  best=+0.4887 mean=+0.2396 med=+0.2402 std=0.0970 tf=0.200 nov=0.000 sigma=0.0500 wT=0.000 gLen=154.5 bankrupt=0.03 div=4.554 212.7 g/s
cp-train: done in 2243.4s — wrote checkpoints/phase1/champion.json, checkpoints/phase1/hof.json (HoF size 10), checkpoints/phase1/log.jsonl
